DEBUG: Received 1 student groups.
DEBUG: Group G1 enrolled: ['C1']
DEBUG: Received 1 student groups.
DEBUG: Group G1 - Required: 2, Available: 4
DEBUG: Course C1 (LabCourse) Overlap: 4, Required: 2
DEBUG: Global Check - Required: 2, Room Capacity: 4
DEBUG: Created 2 tasks.
DEBUG: Solver Status: 4 (Optimal=4, Feasible=2)
DEBUG TEST 1: Status 200
DEBUG TEST 1: Body {'schedule': [{'course': 'LabCourse', 'courseId': 'C1', 'day': 'Mon', 'group': 'G1', 'instructor': 'Inst1', 'room': 'R1', 'timeslot': '12:00 PM - 01:00 PM', 'type': 'lab'}, {'course': 'LabCourse', 'courseId': 'C1', 'day': 'Mon', 'group': 'G1', 'instructor': 'Inst1', 'room': 'R1', 'timeslot': '01:00 PM - 02:00 PM', 'type': 'lab'}], 'status': 'success'}
DEBUG: Received 1 student groups.
DEBUG: Group G1 enrolled: ['C1']
DEBUG: Received 1 student groups.
DEBUG: Group G1 - Required: 2, Available: 3
DEBUG: Course C1 (LabCourse) Overlap: 3, Required: 2
DEBUG: Global Check - Required: 2, Room Capacity: 3
DEBUG: Created 2 tasks.
DEBUG: Solver Status: 4 (Optimal=4, Feasible=2)
DEBUG TEST 2: Status 200
DEBUG TEST 2: Body {'schedule': [{'course': 'LabCourse', 'courseId': 'C1', 'day': 'Mon', 'group': 'G1', 'instructor': 'Inst1', 'room': 'R1', 'timeslot': '02:00 PM - 03:00 PM', 'type': 'lab'}, {'course': 'LabCourse', 'courseId': 'C1', 'day': 'Mon', 'group': 'G1', 'instructor': 'Inst1', 'room': 'R1', 'timeslot': '03:00 PM - 04:00 PM', 'type': 'lab'}], 'status': 'success'}
python : FF
At line:1 char:1
+ python ../tests/test_l
ab_specific_times.py > 
test_output.txt 2>&1
+ ~~~~~~~~~~~~~~~~~~~~~~
~~~~~~~~~~~~~~~~~~~~~~~~
~~~~~~~~~~~~~~~~~~~
    + CategoryInfo      
        : NotSpecified  
  : (FF:String) [], R   
 emoteException
    + FullyQualifiedErr 
   orId : NativeComman  
  dError
 
========================
========================
======================
FAIL: test_specific_time
_enforcement_11_to_1 (__
main__.TestLabSpecificTi
mes.test_specific_time_e
nforcement_11_to_1)
------------------------
------------------------
----------------------
Traceback (most recent 
call last):
  File 
"C:\Users\yashy\Yash 
App Project\Timely.AI\te
sts\test_lab_specific_ti
mes.py", line 47, in tes
t_specific_time_enforcem
ent_11_to_1
    self.assertEqual(res
p.status_code, 400)
    ~~~~~~~~~~~~~~~~^^^^
^^^^^^^^^^^^^^^^^^^
AssertionError: 200 != 
400

========================
========================
======================
FAIL: test_specific_time
_heuristic_2_to_4 (__mai
n__.TestLabSpecificTimes
.test_specific_time_heur
istic_2_to_4)
------------------------
------------------------
----------------------
Traceback (most recent 
call last):
  File 
"C:\Users\yashy\Yash 
App Project\Timely.AI\te
sts\test_lab_specific_ti
mes.py", line 81, in tes
t_specific_time_heuristi
c_2_to_4
    self.assertEqual(res
p.status_code, 400, 
"Should fail if 
preferred slot 2:00 is 
unavailable")
    ~~~~~~~~~~~~~~~~^^^^
^^^^^^^^^^^^^^^^^^^^^^^^
^^^^^^^^^^^^^^^^^^^^^^^^
^^^^^^^^^^^^^^^^^^^^^^^^
AssertionError: 200 != 
400 : Should fail if 
preferred slot 2:00 is 
unavailable

------------------------
------------------------
----------------------
Ran 2 tests in 0.065s

FAILED (failures=2)
